# SEP-40 / event schema golden snapshot (#518)
# event_schema_version: 1
# Regenerate with `make event-snapshots-regen`, review the diff, then commit.
# Format: module::EventName topics=[a,b,c] fields=[@topic x: Address, price: i128]
corrections::PriceCorrectedEvent topics=[price_corrected_event,asset,actor] fields=[@topic asset: Address, @topic actor: Address, reason: String, old_price: i128, new_price: i128, revision_index: u32, ledger: u32, affects_downstream: bool]
deferral::PublicationStateChangedEvent topics=[publication_state_changed_event,asset,state] fields=[@topic asset: Address, @topic state: PublicationState, previous_state: PublicationState, received: u32, missing: u32, quorum: u32, ledger: u32]
events::AdminAuditEntryAppendedEvent topics=[admin_audit_entry_appended_event,admin] fields=[@topic admin: Address, entry_id: u32, action: Symbol, timestamp: u64, ledger: u32]
events::AdminChangedEvent topics=[admin_changed_event,old_admin,new_admin] fields=[@topic old_admin: Address, @topic new_admin: Address]
events::AggCooldownChangedEvent topics=[agg_cooldown_changed_event] fields=[cooldown_ledgers: u32]
events::AggregationMethodChangedEvent topics=[aggregation_method_changed_event,admin] fields=[@topic admin: Address, old_method: u32, new_method: u32]
events::AggregationTriggeredEvent topics=[aggregation_triggered_event,asset] fields=[@topic asset: Address, price: i128, num_sources: u32, triggered_at_ledger: u32]
events::AlertSubscribedEvent topics=[alert_subscribed_event,consumer,asset] fields=[@topic consumer: Address, @topic asset: Address, threshold_bps: u32, ttl_ledgers: u32]
events::AlertSubscriptionExpiredEvent topics=[alert_subscription_expired_event,consumer,asset] fields=[@topic consumer: Address, @topic asset: Address, expired_ledger: u32]
events::AlertTriggeredEvent topics=[alert_triggered_event,consumer,asset] fields=[@topic consumer: Address, @topic asset: Address, old_price: i128, new_price: i128, movement_bps: u32, threshold_bps: u32]
events::AnomalyExplainedEvent topics=[anomaly_explained_event,asset,subject] fields=[@topic asset: Address, @topic subject: Address, rule_id: u32, rule: Symbol, observed: i128, reference: i128, threshold: i128, rejected: bool]
events::AssetMetadataUpdatedEvent topics=[asset_metadata_updated_event,asset,admin] fields=[@topic asset: Address, @topic admin: Address, name: String, symbol: String, decimals: Option<…>, logo_uri: Option<…>]
events::AssetRegisteredEvent topics=[asset_registered_event,asset,admin] fields=[@topic asset: Address, @topic admin: Address]
events::AssetResolutionSetEvent topics=[asset_resolution_set_event,asset,admin] fields=[@topic asset: Address, @topic admin: Address, resolution: u32]
events::AssetTtlExtendedEvent topics=[asset_ttl_extended_event,asset] fields=[@topic asset: Address, num_extended: u32, current_ledger: u32]
events::AssetUnregisteredEvent topics=[asset_unregistered_event,asset,admin] fields=[@topic asset: Address, @topic admin: Address]
events::AutoRenewalAttemptEvent topics=[auto_renewal_attempt_event,consumer] fields=[@topic consumer: Address, success: bool, amount: i128, reason: u32, period_id: u64, expiry: u64]
events::AutoRenewalAuthorizationEvent topics=[auto_renewal_authorization_event,consumer] fields=[@topic consumer: Address, action: u32, max_amount_per_period: i128, plan_duration: u32]
events::AutoTriggerFiredEvent topics=[auto_trigger_fired_event,asset] fields=[@topic asset: Address, trigger_type: u32]
events::AxelarGatewaySetEvent topics=[axelar_gateway_set_event,gateway] fields=[@topic gateway: Address]
events::AxelarMessageExecutedEvent topics=[axelar_message_executed_event,asset,bridge_source] fields=[@topic asset: Address, @topic bridge_source: Address, command_id: BytesN<…>, source_chain: String, source_address: String, price: i128]
events::AxelarTrustedSourceSetEvent topics=[axelar_trusted_source_set_event,bridge_source] fields=[@topic bridge_source: Address, source_chain: String, source_address: String]
events::BatchCancelledEvent topics=[batch_cancelled_event,cancelled_by] fields=[batch_id: u32, @topic cancelled_by: Address]
events::BatchExecutedEvent topics=[batch_executed_event,executed_by] fields=[batch_id: u32, num_operations: u32, @topic executed_by: Address]
events::BatchPriceRelayedEvent topics=[batch_price_relayed_event,relayer] fields=[@topic relayer: Address, submission_count: u32, total_priority_fee: i128]
events::BatchProposedEvent topics=[batch_proposed_event,proposed_by] fields=[batch_id: u32, num_operations: u32, @topic proposed_by: Address, proposed_ledger: u32]
events::BridgeOracleRegisteredEvent topics=[bridge_oracle_registered_event,source_asset,target_asset] fields=[@topic source_asset: Address, @topic target_asset: Address, oracle_contract: Address]
events::BridgePriceSubmittedEvent topics=[bridge_price_submitted_event,asset] fields=[@topic asset: Address, price: i128, timestamp: u64, decimals: u32]
events::ChallengePricedEvent topics=[challenge_priced_event,asset,challenger] fields=[@topic asset: Address, @topic challenger: Address, challenge_id: u32, expected_price: i128, challenged_ledger: u32]
events::ChallengeResolvedEvent topics=[challenge_resolved_event,asset] fields=[@topic asset: Address, challenge_id: u32, is_valid: bool, reward_amount: i128, resolved_by: Address]
events::CircuitBreakerResetEvent topics=[circuit_breaker_reset_event,asset,admin] fields=[@topic asset: Address, @topic admin: Address]
events::CircuitBreakerTrippedEvent topics=[circuit_breaker_tripped_event,asset] fields=[@topic asset: Address, previous_price: i128, candidate_price: i128, change_bps: u32, max_change_bps: u32, ledger: u32, timestamp: u64]
events::CommitWindowChangedEvent topics=[commit_window_changed_event] fields=[value: u32]
events::CommitWithheldEvent topics=[commit_withheld_event,asset,source] fields=[@topic asset: Address, @topic source: Address, round_ledger: u32, slashed_amount: i128]
events::ConfidenceBandEvent topics=[confidence_band_event,asset] fields=[@topic asset: Address, price: i128, band: ConfidenceBand]
events::ConfigRolledBackEvent topics=[config_rolled_back_event,admin] fields=[@topic admin: Address, restored_version: u32, saved_version: u32]
events::ConfigSnapshotTakenEvent topics=[config_snapshot_taken_event,admin] fields=[@topic admin: Address, version: u32, ledger: u32]
events::ConsensusRoundEvent topics=[consensus_round_event,asset] fields=[@topic asset: Address, round: u32, kind: u32, median: i128, votes: u32]
events::ConsumerAccessModeChangedEvent topics=[consumer_access_mode_changed,admin] fields=[@topic admin: Address, new_mode: ConsumerAccessMode]
events::ConsumerAuthorizedEvent topics=[consumer_authorized_event,consumer] fields=[@topic consumer: Address, admin: Address]
events::ConsumerDeauthorizedEvent topics=[consumer_deauthorized_event,consumer] fields=[@topic consumer: Address, admin: Address]
events::ConsumerRegisteredEvent topics=[consumer_registered_event,consumer] fields=[@topic consumer: Address, tier: u32, subscription_expiry_ts: u64]
events::ConsumerTierChangedEvent topics=[consumer_tier_changed_event,consumer] fields=[@topic consumer: Address, old_tier: u32, new_tier: u32]
events::ContractPausedEvent topics=[contract_paused_event,admin] fields=[@topic admin: Address]
events::ContractUnpausedEvent topics=[contract_unpaused_event,admin] fields=[@topic admin: Address]
events::ContractUpgradedEvent topics=[contract_upgraded_event,new_wasm_hash] fields=[@topic new_wasm_hash: BytesN<…>]
events::CorrelationBandSetEvent topics=[correlation_band_set_event,base_asset,quote_asset] fields=[@topic base_asset: Address, @topic quote_asset: Address, min_ratio: u128, max_ratio: u128, enabled: bool]
events::CorrelationPriceFlaggedEvent topics=[correlation_price_flagged_event,asset,source] fields=[@topic asset: Address, @topic source: Address, flagged_price: i128]
events::CorrelationViolationEvent topics=[correlation_violation_event,base_asset,quote_asset,source] fields=[@topic base_asset: Address, @topic quote_asset: Address, @topic source: Address, submitted_price: i128, counterpart_price: i128, ratio: u128, min_ratio: u128, max_ratio: u128]
events::CrossOracleDeviationEvent topics=[cross_oracle_deviation_event,asset] fields=[@topic asset: Address, oracle_price: i128, reference_price: i128, deviation_bps: u32, max_deviation_bps: u32, within_tolerance: bool]
events::CrossRefDeviationEvent topics=[cross_ref_deviation_event,asset,ref_contract] fields=[@topic asset: Address, @topic ref_contract: Address, our_price: i128, ref_price: i128, deviation_bps: u32, threshold_bps: u32]
events::DecimalsChangedEvent topics=[decimals_changed_event] fields=[value: u32]
events::DegradedReadEvent topics=[degraded_read_event,asset] fields=[@topic asset: Address, state: u32, window: u32, severe: bool]
events::DemeritConfigChangedEvent topics=[demerit_config_changed_event,admin] fields=[@topic admin: Address, warning_threshold: u32, probation_threshold: u32, disqualified_threshold: u32, cooldown_ledgers: u32]
events::DerivedFeedComputedEvent topics=[derived_feed_computed_event,base,quote] fields=[@topic base: Address, @topic quote: Address, kind: u32, price: i128, staleness_secs: u64]
events::DescriptionChangedEvent topics=[description_changed_event] fields=[description: String]
events::DidRegisteredEvent topics=[did_registered_event,did,admin] fields=[@topic did: Address, @topic admin: Address]
events::DidVerifiedEvent topics=[did_verified_event,did] fields=[@topic did: Address, verified: bool, verifier: Address]
events::DisagreementIndexEvent topics=[disagreement_index_event,asset] fields=[@topic asset: Address, index_bps: u32, max_bps: u32, baseline_bps: u32, above_baseline: bool, num_sources: u32, low_sample: bool]
events::DisputeWindowChangedEvent topics=[dispute_window_changed_event,admin] fields=[@topic admin: Address, dispute_window_ledgers: u32]
events::DiversityBreachEvent topics=[diversity_thr_breached] fields=[raw_count: u32, effective_independent_count: u32, largest_domain_size: u32, max_hhi: u32, min_effective_required: u32]
events::DiversityBreachedEvent topics=[diversity_breached_event] fields=[raw_count: u32, effective_independent_count: u32, largest_domain_size: u32, max_hhi: u32, min_effective_required: u32]
events::DiversityThresholdBreachedEvent topics=[diversity_thr_breached] fields=[raw_count: u32, effective_independent_count: u32, largest_domain_size: u32, max_hhi: u32, min_effective_required: u32]
events::DiversityThresholdSetEvent topics=[diversity_threshold_set_event,admin] fields=[@topic admin: Address, min_effective_sources: u32, max_hhi_per_axis: u32]
events::DiversityThresholdsChangedEvent topics=[diversity_thr_changed,admin] fields=[@topic admin: Address, min_effective_sources: u32, max_hhi_per_axis: u32]
events::DiversityThresholdsEvent topics=[diversity_thresholds_event,admin] fields=[@topic admin: Address, min_effective_sources: u32, max_hhi_per_axis: u32]
events::DriftSampleRecordedEvent topics=[drift_sample_recorded_event,asset] fields=[@topic asset: Address, bias_bps: i128, aligned: bool]
events::EmergencyPauseExtendedEvent topics=[emergency_pause_extended_event,admin] fields=[@topic admin: Address, new_unpause_ledger: u32, reason: String, extended_by: Address]
events::EmergencyPausedEvent topics=[emergency_paused_event,admin] fields=[@topic admin: Address, auto_unpause_ledger: u32, reason: String, initiated_by: Address]
events::EmergencyUnpausedEvent topics=[emergency_unpaused_event,admin] fields=[@topic admin: Address, reason: String, cancelled_by: Address]
events::EventLimitWarningEvent topics=[event_limit_warning_event,asset] fields=[@topic asset: Address, event_count: u32, max_events: u32]
events::EventsPerCallChangedEvent topics=[events_per_call_changed_event] fields=[value: u32]
events::ExoticAssetConfigSetEvent topics=[exotic_asset_config_set_event,asset,admin] fields=[@topic asset: Address, @topic admin: Address]
events::ExpiryWindowChangedEvent topics=[expiry_window_changed_event] fields=[ledgers: u32]
events::ExternalDataResolvedEvent topics=[external_data_resolved_event,proposal_id] fields=[@topic proposal_id: u32, external_price: i128, resolver: Address]
events::FeedMetadataRegisteredEvent topics=[feed_metadata_registered_event,asset] fields=[@topic asset: Address, symbol: String, description: String]
events::FeedMetadataUpdatedEvent topics=[feed_metadata_updated_event,asset] fields=[@topic asset: Address, symbol: String, updated_at: u64]
events::FinalityLedgersChangedEvent topics=[finality_ledgers_changed_event] fields=[value: u32]
events::FmFeeDistRatioChangedEvent topics=[fm_fee_dist_ratio_changed_event] fields=[value: u32]
events::FmFeeRatioChangedEvent topics=[fm_fee_ratio_changed_event] fields=[ratio_bps: u32]
events::FmMinPriorityFeeEvent topics=[fm_min_priority_fee_event] fields=[value: u128]
events::FmSubmissionEnqueuedEvent topics=[fm_submission_enqueued_event,source,asset] fields=[@topic source: Address, @topic asset: Address, priority_fee: u128, queue_depth: u32]
events::FmSubmissionProcessedEvent topics=[fm_submission_processed_event,source,asset] fields=[@topic source: Address, @topic asset: Address, price: i128, priority_fee: u128, source_share: u128, treasury_share: u128]
events::ForeignAssetMappedEvent topics=[foreign_asset_mapped_event,stellar_asset] fields=[@topic stellar_asset: Address, chain: String, foreign_address: BytesN<…>, decimals: u32]
events::ForeignAssetMappingRemovedEvent topics=[foreign_asset_mapping_removed,stellar_asset] fields=[@topic stellar_asset: Address, chain: String, foreign_address: BytesN<…>]
events::ForeignAssetMappingUpdatedEvent topics=[foreign_asset_mapping_updated,stellar_asset] fields=[@topic stellar_asset: Address, chain: String, foreign_address: BytesN<…>, decimals: u32, enabled: bool]
events::GuardiansSetEvent topics=[guardians_set_event,admin] fields=[@topic admin: Address, guardian_count: u32, threshold: u32]
events::HeartbeatIntervalChangedEvent topics=[heartbeat_interval_changed_event] fields=[value: u64]
events::HeartbeatWindowChangedEvent topics=[heartbeat_window_changed_event] fields=[value: u32]
events::HistoryPerAssetChangedEvent topics=[history_per_asset_changed_event] fields=[value: u32]
events::HistoryPerAssetPrunedEvent topics=[history_per_asset_pruned_event,asset] fields=[@topic asset: Address, pruned_ledger: u32, remaining: u32]
events::HistoryPrunedEvent topics=[history_pruned_event,asset] fields=[@topic asset: Address, pruned_ledger: u32, remaining: u32]
events::InactiveLedgersChangedEvent topics=[inactive_ledgers_changed_event] fields=[value: u32]
events::InfluenceCapAppliedEvent topics=[influence_cap_applied_event,asset] fields=[@topic asset: Address, cap_bps: u32, influence_bps: Vec<…>]
events::InterpolationChangedEvent topics=[interpolation_changed_event] fields=[enabled: bool]
events::InvalidSubmissionEvent topics=[invalid_submission_event,source] fields=[@topic source: Address, demerits: u32]
events::LzEndpointSetEvent topics=[lz_endpoint_set_event,endpoint] fields=[@topic endpoint: Address]
events::LzMessageReceivedEvent topics=[lz_message_received_event,asset,bridge_source] fields=[@topic asset: Address, @topic bridge_source: Address, src_eid: u32, sender: BytesN<…>, nonce: u64, guid: BytesN<…>, price: i128]
events::LzTrustedRemoteSetEvent topics=[lz_trusted_remote_set_event,bridge_source] fields=[@topic bridge_source: Address, src_eid: u32, sender: BytesN<…>]
events::MaxAggSourcesChangedEvent topics=[max_agg_sources_changed_event] fields=[value: u32]
events::MaxHistoryChangedEvent topics=[max_history_changed_event] fields=[value: u32]
events::MaxSourcesChangedEvent topics=[max_sources_changed_event] fields=[value: u32]
events::MigrationCompletedEvent topics=[migration_completed_event,admin] fields=[@topic admin: Address, from_version: u32, to_version: u32, items_processed: u32]
events::MigrationResumedEvent topics=[migration_resumed_event,admin] fields=[@topic admin: Address, cursor: u32]
events::MigrationStartedEvent topics=[migration_started_event,admin] fields=[@topic admin: Address, from_version: u32, to_version: u32, started_ledger: u32]
events::MinSourcesChangedEvent topics=[min_sources_changed_event] fields=[value: u32]
events::MsGovernorsUpdatedEvent topics=[ms_governors_updated_event,admin] fields=[@topic admin: Address, governor_count: u32, required_approvals: u32]
events::MsOperationApprovedEvent topics=[ms_operation_approved_event,approver] fields=[op_id: u32, @topic approver: Address]
events::MsOperationCancelledEvent topics=[ms_operation_cancelled_event,cancelled_by] fields=[op_id: u32, @topic cancelled_by: Address]
events::MsOperationExecutedEvent topics=[ms_operation_executed_event,executed_by] fields=[op_id: u32, op_type: u32, @topic executed_by: Address]
events::MsOperationProposedEvent topics=[ms_operation_proposed_event,proposed_by] fields=[op_id: u32, op_type: u32, @topic proposed_by: Address, proposed_ledger: u32]
events::MsOperationRetractedEvent topics=[ms_operation_retracted_event,retracted_by] fields=[op_id: u32, @topic retracted_by: Address]
events::MsQuorumReachedEvent topics=[ms_quorum_reached_event] fields=[op_id: u32, approval_count: u32]
events::NotifPrefSetEvent topics=[notif_pref_set_event,event_type] fields=[@topic event_type: u32, channel: String, target: String]
events::NotifPrefsClearedEvent topics=[notif_prefs_cleared_event,event_type] fields=[@topic event_type: u32]
events::OperationCancelledEvent topics=[operation_cancelled_event,cancelled_by] fields=[operation_id: u32, op_type: u32, @topic cancelled_by: Address]
events::OperationExecutedEvent topics=[operation_executed_event,executed_by] fields=[operation_id: u32, op_type: u32, @topic executed_by: Address]
events::OperationExpiredEvent topics=[operation_expired_event,operation_id] fields=[@topic operation_id: u64, expired_at_ledger: u32]
events::OperationProposedEvent topics=[operation_proposed_event,proposed_by] fields=[operation_id: u32, op_type: u32, @topic proposed_by: Address, proposed_ledger: u32]
events::OperationQueuedEvent topics=[operation_queued_event,operation_id] fields=[@topic operation_id: u64, expires_at_ledger: u32]
events::OptimisticBondChangedEvent topics=[optimistic_bond_changed_event,admin] fields=[@topic admin: Address, min_bond: i128]
events::OutlierConfigChangedEvent topics=[outlier_config_changed_event,asset] fields=[@topic asset: Address, old: Option<…>, new: Option<…>]
events::OutlierExcludedEvent topics=[outlier_excluded_event,asset] fields=[@topic asset: Address, detector: u32, source: Address, price: i128, score_bps: u32, sensitivity_bps: u32, center: i128, scale: i128, num_retained: u32]
events::PriceAggregatedEvent topics=[price_aggregated_event,asset] fields=[@topic asset: Address, price: i128, num_sources: u32, timestamp: u64]
events::PriceCommittedEvent topics=[price_committed_event,asset,source] fields=[@topic asset: Address, @topic source: Address, round_ledger: u32, committed_at_ledger: u32, hash: BytesN<…>]
events::PriceDeviationAlertEvent topics=[price_deviation_alert_event,asset] fields=[@topic asset: Address, our_price: i128, reference_price: i128, deviation_bps: u32, ledger: u32]
events::PriceDeviationFlaggedEvent topics=[price_deviation_flagged_event,asset,source] fields=[@topic asset: Address, @topic source: Address, price: i128, median_price: i128, deviation_percent: u32]
events::PriceDeviationVerifiedEvent topics=[price_deviation_verified_event] fields=[price_a: i128, price_b: i128, deviation_bps: u32, max_deviation_bps: u32, within_tolerance: bool]
events::PriceFinalizedEvent topics=[price_finalized_event,asset] fields=[@topic asset: Address, price: i128, committed_ledger: u32, finalized_ledger: u32, num_sources: u32]
events::PriceFrozenEvent topics=[price_frozen_event,asset] fields=[@topic asset: Address, reason: String, price: i128, frozen_at_ledger: u32]
events::PriceOverrideExpiredEvent topics=[price_override_expired_event,asset] fields=[@topic asset: Address, expiry_ledger: u32, current_ledger: u32]
events::PriceOverrideRemovedEvent topics=[price_override_removed_event,asset,admin] fields=[@topic asset: Address, @topic admin: Address]
events::PriceOverrideSetEvent topics=[price_override_set_event,asset,admin] fields=[@topic asset: Address, @topic admin: Address, price: i128, reason: String, expiry_ledger: u32]
events::PricePendingFinalityEvent topics=[price_pending_finality_event,asset] fields=[@topic asset: Address, price: i128, committed_ledger: u32, finality_ledger: u32]
events::PriceProposalCreatedEvent topics=[price_proposal_created_event,asset,proposer] fields=[@topic asset: Address, @topic proposer: Address, proposal_id: u32, price: i128, timestamp: u64, bond_amount: i128, expires_at_ledger: u32]
events::PriceProposalDisputedEvent topics=[price_proposal_disputed_event,proposal_id,disputer] fields=[@topic proposal_id: u32, @topic disputer: Address, bond_amount: i128]
events::PriceProposalResolvedEvent topics=[price_proposal_resolved_event,proposal_id] fields=[@topic proposal_id: u32, approved: bool, finalized: bool]
events::PriceRelayedEvent topics=[price_relayed_event,asset,source,relayer] fields=[@topic asset: Address, @topic source: Address, @topic relayer: Address, price: i128, timestamp: u64]
events::PriceRetractedEvent topics=[price_retracted_event,asset,admin] fields=[@topic asset: Address, @topic admin: Address, committed_ledger: u32, retracted_at_ledger: u32]
events::PriceRevealedEvent topics=[price_revealed_event,asset,source] fields=[@topic asset: Address, @topic source: Address, price: i128, round_ledger: u32, revealed_at_ledger: u32]
events::PriceStaleEvent topics=[price_stale_event,asset] fields=[@topic asset: Address, last_update_ledger: u32, current_ledger: u32]
events::PriceSubmitDeadlineEvent topics=[price_submit_deadline_event,asset,source] fields=[@topic asset: Address, @topic source: Address, deadline_ledger: u32, current_ledger: u32, rebate_amount: i128]
events::PriceSubmittedEvent topics=[price_submitted_event,asset,source] fields=[@topic asset: Address, @topic source: Address, price: i128, timestamp: u64]
events::PriceSubmittedWithProofEvent topics=[price_submitted_with_proof_event,asset,source] fields=[@topic asset: Address, @topic source: Address, price: i128, timestamp: u64, nonce: u64]
events::PriceUnfrozenEvent topics=[price_unfrozen_event,asset] fields=[@topic asset: Address, unfrozen_at_ledger: u32]
events::PriceUpdateSubscribedEvent topics=[price_update_subscribed_event,consumer,asset] fields=[@topic consumer: Address, @topic asset: Address]
events::PriceUpdateUnsubscribedEvent topics=[price_update_unsubscribed_event,consumer,asset] fields=[@topic consumer: Address, @topic asset: Address]
events::PriceUpdatedEvent topics=[price_updated_event,asset] fields=[@topic asset: Address, new_price: i128, old_price: i128, timestamp: u64, prev_timestamp: u64, decimals: u32]
events::PriorityDelayChangedEvent topics=[priority_delay_changed_event,changed_by] fields=[priority: u32, new_delay: u32, @topic changed_by: Address]
events::ProvenanceRecordedEvent topics=[provenance_recorded_event,asset] fields=[@topic asset: Address, ledger: u32, price: i128, provenance_id: BytesN<…>, num_sources: u32]
events::QueryRateLimitChangedEvent topics=[query_rate_limit_changed_event] fields=[value: u32]
events::RateLimitExceededEvent topics=[rate_limit_exceeded_event,consumer] fields=[@topic consumer: Address, current_count: u32, limit: u32]
events::RateLimitTierChangedEvent topics=[rate_limit_tier_changed_event,consumer] fields=[@topic consumer: Address, new_tier: u32]
events::RebateDistributedEvent topics=[rebate_distributed_event,source,asset] fields=[@topic source: Address, @topic asset: Address, rebate_amount: i128]
events::RecoveryApprovedEvent topics=[recovery_approved_event,guardian] fields=[@topic guardian: Address, new_admin: Address, approval_count: u32, threshold: u32]
events::RecoveryCancelledEvent topics=[recovery_cancelled_event,admin] fields=[@topic admin: Address, new_admin: Address]
events::RecoveryExecutedEvent topics=[recovery_executed_event,old_admin] fields=[@topic old_admin: Address, new_admin: Address]
events::RecoveryReadyEvent topics=[recovery_ready_event,new_admin] fields=[@topic new_admin: Address, ready_ledger: u32, execute_after_ledger: u32]
events::RelayerAddedEvent topics=[relayer_added_event,relayer] fields=[@topic relayer: Address, admin: Address, name: String]
events::RelayerBondDepositedEvent topics=[relayer_bond_deposited_event,relayer] fields=[@topic relayer: Address, amount: i128, total_deposited: i128]
events::RelayerBondWithdrawnEvent topics=[relayer_bond_withdrawn_event,relayer] fields=[@topic relayer: Address, amount: i128]
events::RelayerFailureRecordedEvent topics=[relayer_failure_recorded_event,relayer] fields=[@topic relayer: Address, reason: u32, failure_count: u32]
events::RelayerRemovedEvent topics=[relayer_removed_event,relayer] fields=[@topic relayer: Address, admin: Address]
events::RelayerSlashedEvent topics=[relayer_slashed_event,relayer] fields=[@topic relayer: Address, slash_amount: i128, remaining_bond: i128, slash_percent: u32]
events::RemovalCooldownChangedEvent topics=[removal_cooldown_changed_event] fields=[value: u32]
events::ReorgDetectedEvent topics=[reorg_detected_event,asset] fields=[@topic asset: Address, detected_at_ledger: u32, suspect_ledger: u32]
events::ReputationDecayChangedEvent topics=[reputation_decay_changed_event] fields=[value: u32]
events::ResolutionChangedEvent topics=[resolution_changed_event] fields=[value: u32]
events::RevealWindowChangedEvent topics=[reveal_window_changed_event] fields=[value: u32]
events::RewardsClaimedEvent topics=[rewards_claimed_event,claimer] fields=[@topic claimer: Address, amount: i128]
events::RoleDelegatedEvent topics=[role_delegated_event,delegator,delegatee] fields=[@topic delegator: Address, @topic delegatee: Address, role: u32]
events::RoleRevokedEvent topics=[role_revoked_event,delegator,delegatee] fields=[@topic delegator: Address, @topic delegatee: Address, role: u32]
events::RoundEquivocationEvent topics=[round_equivocation_event,asset,source] fields=[@topic asset: Address, @topic source: Address, round: u32, kept_price: i128, rejected_price: i128, lifetime_count: u32]
events::ScheduleRemovedEvent topics=[schedule_removed_event,source] fields=[@topic source: Address, asset: Address]
events::SeverityAlertEvent topics=[severity_alert_event,asset] fields=[@topic asset: Address, severity: u32, channel: u32, movement_bps: u32, ledger: u32]
events::SeverityThresholdsSetEvent topics=[severity_thresholds_set_event] fields=[is_asset_override: bool, warning_bps: u32, critical_bps: u32, emergency_bps: u32]
events::SourceActiveAgainEvent topics=[source_active_again_event,source] fields=[@topic source: Address, timestamp: u64]
events::SourceAddedEvent topics=[source_added_event,source,admin] fields=[@topic source: Address, @topic admin: Address, name: String]
events::SourceAssetAddedEvent topics=[source_asset_added_event,source,asset] fields=[@topic source: Address, @topic asset: Address]
events::SourceAssetRemovedEvent topics=[source_asset_removed_event,source,asset] fields=[@topic source: Address, @topic asset: Address]
events::SourceAutoRemovedEvent topics=[source_auto_removed_event,source] fields=[@topic source: Address, inactive_since_ledger: u32, removed_at_ledger: u32, missed_heartbeats: u32]
events::SourceBondConfigChangedEvent topics=[source_bond_config_changed_event,admin] fields=[@topic admin: Address, amount: i128]
events::SourceBondDepositedEvent topics=[source_bond_deposited_event,source] fields=[@topic source: Address, amount: i128]
events::SourceBondForfeitedEvent topics=[source_bond_forfeited_event,source] fields=[@topic source: Address, amount: i128]
events::SourceBondReturnedEvent topics=[source_bond_returned_event,source] fields=[@topic source: Address, amount: i128]
events::SourceDemeritsResetEvent topics=[source_demerits_reset_event,source,admin] fields=[@topic source: Address, @topic admin: Address]
events::SourceDidLinkedEvent topics=[source_did_linked_event,source,did] fields=[@topic source: Address, @topic did: Address, verified: bool]
events::SourceDisqualifiedEvent topics=[source_disqualified_event,source] fields=[@topic source: Address, demerits: u32, status_updated_ledger: u32]
events::SourceDiversityUpdatedEvent topics=[source_diversity_updated_event,source] fields=[@topic source: Address, infra: String, upstream: String, owner: String]
events::SourceFeeCreditedEvent topics=[source_fee_credited_event,source] fields=[@topic source: Address, amount: i128]
events::SourceFeesWithdrawnEvent topics=[source_fees_withdrawn_event,source] fields=[@topic source: Address, amount: i128]
events::SourceGeoUpdatedEvent topics=[source_geo_updated_event,source] fields=[@topic source: Address, region: String, provider: String, jurisdiction: String]
events::SourceGovConfigChangedEvent topics=[source_gov_config_changed_event,admin] fields=[@topic admin: Address, threshold: u32, approvers_count: u32]
events::SourceHealthChangedEvent topics=[source_health_changed_event,source] fields=[@topic source: Address, old_status: u32, new_status: u32, missed_heartbeats: u32]
events::SourceHeartbeatEvent topics=[source_heartbeat_event,source] fields=[@topic source: Address, timestamp: u64]
events::SourceInactiveEvent topics=[source_inactive_event,source] fields=[@topic source: Address, last_heartbeat: u64]
events::SourceKeyRotatedEvent topics=[source_key_rotated_event,old_source,new_source] fields=[@topic old_source: Address, @topic new_source: Address, ledger: u32]
events::SourceMarkedForRemovalEvent topics=[source_marked_for_removal_event,source,admin] fields=[@topic source: Address, @topic admin: Address, eligible_at_ledger: u32]
events::SourceNonCompliantEvent topics=[source_non_compliant_event,source,asset] fields=[@topic source: Address, @topic asset: Address, last_submission_ledger: u32, required_interval: u32]
events::SourceProbationEvent topics=[source_probation_event,source] fields=[@topic source: Address, demerits: u32]
events::SourceProposalApprovedEvent topics=[source_proposal_approved_event,proposal_id,approver] fields=[@topic proposal_id: u32, @topic approver: Address]
events::SourceProposalCreatedEvent topics=[source_proposal_created_event,proposal_id,proposer,source] fields=[@topic proposal_id: u32, @topic proposer: Address, @topic source: Address, name: String]
events::SourceProposalExecutedEvent topics=[source_proposal_executed_event,proposal_id,source] fields=[@topic proposal_id: u32, @topic source: Address]
events::SourceRemovalCancelledEvent topics=[source_removal_cancelled_event,source,admin] fields=[@topic source: Address, @topic admin: Address]
events::SourceRemovedEvent topics=[source_removed_event,source,admin] fields=[@topic source: Address, @topic admin: Address]
events::SourceReputationUpdatedEvent topics=[source_reputation_updated_event,source] fields=[@topic source: Address, old_score: i128, new_score: i128]
events::SourceRotationSetEvent topics=[source_rotation_set_event,asset,admin] fields=[@topic asset: Address, @topic admin: Address, rotation_interval: u32, overlap_period: u32, num_sources: u32]
events::SourceSlashedEvent topics=[source_slashed_event,source] fields=[@topic source: Address, slash_amount: i128, remaining_stake: i128, slash_percent: u32]
events::SourceStakedEvent topics=[source_staked_event,source] fields=[@topic source: Address, amount: i128, total_stake: i128]
events::SourceUnstakedEvent topics=[source_unstaked_event,source] fields=[@topic source: Address, amount_returned: i128]
events::SourceVerificationSetEvent topics=[source_verification_set_event,source] fields=[@topic source: Address, verified: bool, verification_method: String, verifier: Address]
events::SourceWarningEvent topics=[source_warning_event,source] fields=[@topic source: Address, demerits: u32]
events::SourcesInsufficientEvent topics=[sources_insufficient_event,asset] fields=[@topic asset: Address, current_source_count: u32, min_sources_required: u32]
events::SourcesRotatedEvent topics=[sources_rotated_event,asset] fields=[@topic asset: Address, rotated_at_ledger: u32, new_active_count: u32, next_rotation_ledger: u32]
events::StorageTierChangedEvent topics=[storage_tier_changed_event,asset] fields=[@topic asset: Address, old_tier: u32, new_tier: u32, action: u32, actor: Address, ledger: u32]
events::StorageTierMigratedEvent topics=[storage_tier_migrated_event,asset] fields=[@topic asset: Address, from_tier: u32, to_tier: u32, entries_migrated: u32, actor: Address, ledger: u32]
events::SubmissionKeyRegisteredEvent topics=[submission_key_registered_event,source] fields=[@topic source: Address, public_key: BytesN<…>]
events::SubmissionLatencyEvent topics=[submission_latency_event,asset] fields=[@topic asset: Address, source: Address, submission_ledger: u32, inclusion_ledger: u32, latency_ledgers: u32, deferral_ledgers: u32]
events::SubmissionNeverCountedEvent topics=[submission_never_counted_event,asset] fields=[@topic asset: Address, source: Address, submission_ledger: u32]
events::SubmitIntervalChangedEvent topics=[submit_interval_changed_event] fields=[interval_ledgers: u32]
events::SubscriptionCancelledEvent topics=[subscription_cancelled_event,consumer] fields=[@topic consumer: Address, refund_amount: i128]
events::SubscriptionCreatedEvent topics=[subscription_created_event,consumer,duration] fields=[@topic consumer: Address, @topic duration: u64]
events::SubscriptionExpiredEvent topics=[subscription_expired_event,consumer] fields=[@topic consumer: Address]
events::SubscriptionFeesDistributedEvent topics=[subscription_fees_distributed,consumer] fields=[@topic consumer: Address, amount: i128, treasury_share: i128, sources_share: i128]
events::SubscriptionPaymentReceivedEvent topics=[subscription_payment_received,consumer] fields=[@topic consumer: Address, amount: i128, ledger: u32]
events::SubscriptionPaymentRefundedEvent topics=[subscription_payment_refunded,consumer] fields=[@topic consumer: Address, amount: i128, reason: String]
events::SubscriptionRenewedEvent topics=[subscription_renewed_event,consumer] fields=[@topic consumer: Address]
events::SubscriptionTokenSetEvent topics=[subscription_token_set_event,admin] fields=[@topic admin: Address, token: Address]
events::TemplateAppliedEvent topics=[template_applied_event,name] fields=[@topic name: Symbol, operations_created: u32]
events::TemplateCreatedEvent topics=[template_created_event,name] fields=[@topic name: Symbol, num_steps: u32]
events::TemplateRemovedEvent topics=[template_removed_event,name] fields=[@topic name: Symbol]
events::TierFeePaidEvent topics=[tier_fee_paid_event,consumer] fields=[@topic consumer: Address, tier: u32, amount: i128]
events::TriggerConfigChangedEvent topics=[trigger_config_changed_event,asset] fields=[@topic asset: Address, trigger_type: u32, value: i128]
events::WeightedAggregationEvent topics=[weighted_aggregation_event,asset] fields=[@topic asset: Address, raw_median: i128, weighted_median: i128, weights: Vec<…>]
events::WormholeGuardianSetEvent topics=[wormhole_guardian_set_event] fields=[set_index: u32, guardian_count: u32, quorum: u32]
events::WormholePriceRelayedEvent topics=[wormhole_price_relayed_event,asset] fields=[@topic asset: Address, emitter_chain: u32, price: i128, sequence: u64]
events::ZkPriceSubmittedEvent topics=[zk_price_submitted_event,asset,source] fields=[@topic asset: Address, @topic source: Address, price: i128, timestamp: u64, verified_at_ledger: u32]
events::ZkVerifyingKeySetEvent topics=[zk_verifying_key_set_event,admin] fields=[@topic admin: Address, set_at_ledger: u32]
policy::AggregationPolicyChangedEvent topics=[aggregation_policy_changed_event,scope] fields=[@topic scope: u32, asset: Option<…>, class: u32, old: Option<…>, new: Option<…>, old_class: Option<…>, new_class: Option<…>]
price_bounds::PriceBoundRejectedEvent topics=[price_bound_rejected_event,asset] fields=[@topic asset: Address, raw_price: i128, reason_code: u32, last_published_price: i128, ledger: u32]
price_bounds::PriceClampedEvent topics=[price_clamped_event,asset] fields=[@topic asset: Address, raw_price: i128, clamped_price: i128, reason_code: u32, ledger: u32]
recompute::AggregateRecomputedEvent topics=[aggregate_recomputed_event,asset,reason] fields=[@topic asset: Address, @topic reason: RecomputeReason, price: i128, num_sources: u32, previous_num_sources: u32, ledger: u32]
